// Jest Snapshot v1, https://goo.gl/fbAQLP

exports[`es2015-i18n-tag should accept null value 1`] = `"null is null"`;

exports[`es2015-i18n-tag should accept undefined value 1`] = `"undefined is undefined"`;

exports[`es2015-i18n-tag should fail if not a Date (Boolean) 1`] = `[Error: value is not a Date. type: Boolean]`;

exports[`es2015-i18n-tag should fail if not a Date (string) 1`] = `[Error: value is not a Date. type: Number]`;

exports[`es2015-i18n-tag should fail if not a number (currency) 1`] = `[Error: value is not a number. type: string]`;

exports[`es2015-i18n-tag should fail if not a number (percentage) 1`] = `[Error: value is not a number. type: string]`;

exports[`es2015-i18n-tag should fail if not a number 1`] = `[Error: value is not a number. type: string]`;

exports[`es2015-i18n-tag should fail on unknown types 1`] = `[Error: Type 'q' is not supported. Supported types are: s,n,t,c,p]`;

exports[`es2015-i18n-tag should fallback to default config 1`] = `"Hello Steffen, you have $1,250.33 in your bank account."`;

exports[`es2015-i18n-tag should format currency 1`] = `"Hello Steffen, the amount is €0.10."`;

exports[`es2015-i18n-tag should format decimals 1`] = `"Hello Steffen, the number is 0,137."`;

exports[`es2015-i18n-tag should format fractionals 1`] = `"Hello Steffen, the number is 0.14."`;

exports[`es2015-i18n-tag should format percentage 1`] = `"Hello Steffen, the percentage is 10%."`;

exports[`es2015-i18n-tag should format percentage with fractions 1`] = `"Hello Steffen, the percentage is 0.1%."`;

exports[`es2015-i18n-tag should ignore missing standard formatters 1`] = `"The date is 20.12.2012, 18:00:00 test123."`;

exports[`es2015-i18n-tag should ignore unknown custom number formatters 1`] = `"Hello Steffen, the number is 0.137."`;

exports[`es2015-i18n-tag should not translate 1`] = `"Hello Steffen, you have $1,250.33 in your bank account."`;

exports[`es2015-i18n-tag should support ES2015 style group class decorator 1`] = `"Hallo Steffen"`;

exports[`es2015-i18n-tag should support ES2016 style group class decorator 1`] = `"Hello Steffen, you have 1.250,33 € in your bank account. 1 2"`;

exports[`es2015-i18n-tag should support custom standard formatters 1`] = `"77 % test test321"`;

exports[`es2015-i18n-tag should support date format 1`] = `"The date is 20.12.2012, 18:00:00."`;

exports[`es2015-i18n-tag should support inline override of ES2015 decorator 1`] = `"Hey Ho Steffen"`;

exports[`es2015-i18n-tag should support inline override of ES2016 decorator 1`] = `"Hey Steffen"`;

exports[`es2015-i18n-tag should support nested templates 1`] = `
"
        <users>
        
            <user name=\\"Steffen\\">20%</user>
        
            <user name=\\"Jack\\">80%</user>
        
        </users>"
`;

exports[`es2015-i18n-tag should support standard date format string "D" 1`] = `"The date is Thursday, December 20, 2012."`;

exports[`es2015-i18n-tag should support standard date format string "F" 1`] = `"The date is Thursday, December 20, 2012 at 6:00:00 PM."`;

exports[`es2015-i18n-tag should support standard date format string "G" 1`] = `"The date is 12/20/2012, 6:00:00 PM."`;

exports[`es2015-i18n-tag should support standard date format string "M", "m" 1`] = `"The date is December 20."`;

exports[`es2015-i18n-tag should support standard date format string "O", "o" 1`] = `"The date is 2012-12-20T18:00:00.000Z."`;

exports[`es2015-i18n-tag should support standard date format string "R", "r" 1`] = `"The date is Thu, 20 Dec 2012 18:00:00 GMT."`;

exports[`es2015-i18n-tag should support standard date format string "T" 1`] = `"The date is 6:00:00 PM."`;

exports[`es2015-i18n-tag should support standard date format string "Y", "y" 1`] = `"The date is December 2012."`;

exports[`es2015-i18n-tag should support standard date format string "d" 1`] = `"The date is 12/20/2012."`;

exports[`es2015-i18n-tag should support standard date format string "f" 1`] = `"The date is Thursday, December 20, 2012 at 6:00 PM."`;

exports[`es2015-i18n-tag should support standard date format string "g" 1`] = `"The date is 12/20/2012, 6:00 PM."`;

exports[`es2015-i18n-tag should support standard date format string "t" 1`] = `"The date is 6:00 PM."`;

exports[`es2015-i18n-tag should support translation group config 1`] = `"Hallo Steffen, Sie haben 1.250,33 € auf Ihrem Bankkonto."`;

exports[`es2015-i18n-tag should support translation group config 2`] = `"Hallo Steffen"`;

exports[`es2015-i18n-tag should support translation group config 3`] = `"Hallo Steffen"`;

exports[`es2015-i18n-tag should support translation group config 4`] = `"Hallo Steffen, Sie haben 1.250,33 € auf Ihrem Bankkonto."`;

exports[`es2015-i18n-tag should support translation groups 1`] = `"Hallo Steffen, Sie haben 1.250,33 € auf Ihrem Bankkonto."`;

exports[`es2015-i18n-tag should translate if formatter is followed by parenthesis 1`] = `"New item ($1,250.33)"`;

exports[`es2015-i18n-tag should translate to german 1`] = `"Hallo Steffen, Sie haben 1.250,33 € auf Ihrem Bankkonto."`;

exports[`es2015-i18n-tag-translate should convert number as a non string object to string 1`] = `"10"`;

exports[`es2015-i18n-tag-translate should convert object to string 1`] = `"[object Object]"`;

exports[`es2015-i18n-tag-translate should fail on unknown types 1`] = `[Error: Type 'q' is not supported. Supported types are: s,n,t,c,p]`;

exports[`es2015-i18n-tag-translate should fallback to default config 1`] = `"Hello Steffen, you have $1,250.33 in your bank account."`;

exports[`es2015-i18n-tag-translate should format currency 1`] = `"Hello Steffen, the amount is €0.10."`;

exports[`es2015-i18n-tag-translate should format decimals 1`] = `"Hello Steffen, the number is 0,137."`;

exports[`es2015-i18n-tag-translate should format fractionals 1`] = `"Hello Steffen, the number is 0.14."`;

exports[`es2015-i18n-tag-translate should format percentage 1`] = `"Hello Steffen, the percentage is 10%."`;

exports[`es2015-i18n-tag-translate should ignore invalid formatting options 1`] = `"Hello Steffen, you have  in your bank account."`;

exports[`es2015-i18n-tag-translate should ignore missing standard formatters 1`] = `"The date is 20.12.2012, 18:00:00 test123."`;

exports[`es2015-i18n-tag-translate should ignore unknown custom number formatters 1`] = `"Hello Steffen, the number is 14%."`;

exports[`es2015-i18n-tag-translate should not fail on null value 1`] = `""`;

exports[`es2015-i18n-tag-translate should not fail on undefined value 1`] = `""`;

exports[`es2015-i18n-tag-translate should not translate 1`] = `"Hello Steffen, you have $1,250.33 in your bank account."`;

exports[`es2015-i18n-tag-translate should support ES2016 style group class decorator 1`] = `"Hallo Steffen, Sie haben 1.250,33 € auf Ihrem Bankkonto."`;

exports[`es2015-i18n-tag-translate should support custom standard formatters 1`] = `"77 % test test321"`;

exports[`es2015-i18n-tag-translate should support date format 1`] = `"The date is 20.12.2012, 18:00:00."`;

exports[`es2015-i18n-tag-translate should support standard date format string "d" 1`] = `"The date is 12/20/2012."`;

exports[`es2015-i18n-tag-translate should support translation group config 1`] = `"Hallo Steffen, Sie haben 1.250,33 € auf Ihrem Bankkonto."`;

exports[`es2015-i18n-tag-translate should support translation group config 2`] = `"Hallo Steffen"`;

exports[`es2015-i18n-tag-translate should support translation group config 3`] = `"Hallo Steffen"`;

exports[`es2015-i18n-tag-translate should support translation group config 4`] = `"Hallo Steffen, Sie haben 1.250,33 € auf Ihrem Bankkonto."`;

exports[`es2015-i18n-tag-translate should support translation groups 1`] = `"Hallo Steffen, Sie haben 1.250,33 € auf Ihrem Bankkonto."`;

exports[`es2015-i18n-tag-translate should translate if formatter is followed by parenthesis 1`] = `"New item ($1,250.33)"`;

exports[`es2015-i18n-tag-translate should translate to german 1`] = `"Hallo Steffen, Sie haben 1.250,33 € auf Ihrem Bankkonto."`;
